Warning: You are sending unauthenticated requests to the HF Hub. Please set a HF_TOKEN to enable higher rate limits and faster downloads.
50/889
100/889
150/889
200/889
250/889
300/889
350/889
400/889
Traceback (most recent call last):
  File "/Users/justincheng/melee-wm/.venv/lib/python3.12/site-packages/httpx/_transports/default.py", line 101, in map_httpcore_exceptions
    yield
  File "/Users/justincheng/melee-wm/.venv/lib/python3.12/site-packages/httpx/_transports/default.py", line 250, in handle_request
    resp = self._pool.handle_request(req)
           ^^^^^^^^^^^^^^^^^^^^^^^^^^^^^^
  File "/Users/justincheng/melee-wm/.venv/lib/python3.12/site-packages/httpcore/_sync/connection_pool.py", line 256, in handle_request
    raise exc from None
  File "/Users/justincheng/melee-wm/.venv/lib/python3.12/site-packages/httpcore/_sync/connection_pool.py", line 236, in handle_request
    response = connection.handle_request(
               ^^^^^^^^^^^^^^^^^^^^^^^^^^
  File "/Users/justincheng/melee-wm/.venv/lib/python3.12/site-packages/httpcore/_sync/connection.py", line 103, in handle_request
    return self._connection.handle_request(request)
           ^^^^^^^^^^^^^^^^^^^^^^^^^^^^^^^^^^^^^^^^
  File "/Users/justincheng/melee-wm/.venv/lib/python3.12/site-packages/httpcore/_sync/http11.py", line 136, in handle_request
    raise exc
  File "/Users/justincheng/melee-wm/.venv/lib/python3.12/site-packages/httpcore/_sync/http11.py", line 106, in handle_request
    ) = self._receive_response_headers(**kwargs)
        ^^^^^^^^^^^^^^^^^^^^^^^^^^^^^^^^^^^^^^^^
  File "/Users/justincheng/melee-wm/.venv/lib/python3.12/site-packages/httpcore/_sync/http11.py", line 177, in _receive_response_headers
    event = self._receive_event(timeout=timeout)
            ^^^^^^^^^^^^^^^^^^^^^^^^^^^^^^^^^^^^
  File "/Users/justincheng/melee-wm/.venv/lib/python3.12/site-packages/httpcore/_sync/http11.py", line 231, in _receive_event
    raise RemoteProtocolError(msg)
httpcore.RemoteProtocolError: Server disconnected without sending a response.

The above exception was the direct cause of the following exception:

Traceback (most recent call last):
  File "/Users/justincheng/melee-wm/data/download.py", line 11, in <module>
    hf_hub_download(REPO, p, repo_type="dataset", local_dir="data/raw")
  File "/Users/justincheng/melee-wm/.venv/lib/python3.12/site-packages/huggingface_hub/utils/_validators.py", line 88, in _inner_fn
    return fn(*args, **kwargs)
           ^^^^^^^^^^^^^^^^^^^
  File "/Users/justincheng/melee-wm/.venv/lib/python3.12/site-packages/huggingface_hub/file_download.py", line 1006, in hf_hub_download
    return _hf_hub_download_to_local_dir(
           ^^^^^^^^^^^^^^^^^^^^^^^^^^^^^^
  File "/Users/justincheng/melee-wm/.venv/lib/python3.12/site-packages/huggingface_hub/file_download.py", line 1325, in _hf_hub_download_to_local_dir
    (url_to_download, etag, commit_hash, expected_size, xet_file_data, head_call_error) = _get_metadata_or_catch_error(
                                                                                          ^^^^^^^^^^^^^^^^^^^^^^^^^^^^^
  File "/Users/justincheng/melee-wm/.venv/lib/python3.12/site-packages/huggingface_hub/file_download.py", line 1722, in _get_metadata_or_catch_error
    metadata = get_hf_file_metadata(
               ^^^^^^^^^^^^^^^^^^^^^
  File "/Users/justincheng/melee-wm/.venv/lib/python3.12/site-packages/huggingface_hub/utils/_validators.py", line 88, in _inner_fn
    return fn(*args, **kwargs)
           ^^^^^^^^^^^^^^^^^^^
  File "/Users/justincheng/melee-wm/.venv/lib/python3.12/site-packages/huggingface_hub/file_download.py", line 1629, in get_hf_file_metadata
    response = _httpx_follow_relative_redirects_with_backoff(
               ^^^^^^^^^^^^^^^^^^^^^^^^^^^^^^^^^^^^^^^^^^^^^^
  File "/Users/justincheng/melee-wm/.venv/lib/python3.12/site-packages/huggingface_hub/utils/_http.py", line 722, in _httpx_follow_relative_redirects_with_backoff
    response = http_backoff(
               ^^^^^^^^^^^^^
  File "/Users/justincheng/melee-wm/.venv/lib/python3.12/site-packages/huggingface_hub/utils/_http.py", line 599, in http_backoff
    return next(
           ^^^^^
  File "/Users/justincheng/melee-wm/.venv/lib/python3.12/site-packages/huggingface_hub/utils/_http.py", line 507, in _http_backoff_base
    response = client.request(method=method, url=url, **kwargs)
               ^^^^^^^^^^^^^^^^^^^^^^^^^^^^^^^^^^^^^^^^^^^^^^^^
  File "/Users/justincheng/melee-wm/.venv/lib/python3.12/site-packages/httpx/_client.py", line 825, in request
    return self.send(request, auth=auth, follow_redirects=follow_redirects)
           ^^^^^^^^^^^^^^^^^^^^^^^^^^^^^^^^^^^^^^^^^^^^^^^^^^^^^^^^^^^^^^^^
  File "/Users/justincheng/melee-wm/.venv/lib/python3.12/site-packages/httpx/_client.py", line 914, in send
    response = self._send_handling_auth(
               ^^^^^^^^^^^^^^^^^^^^^^^^^
  File "/Users/justincheng/melee-wm/.venv/lib/python3.12/site-packages/httpx/_client.py", line 942, in _send_handling_auth
    response = self._send_handling_redirects(
               ^^^^^^^^^^^^^^^^^^^^^^^^^^^^^^
  File "/Users/justincheng/melee-wm/.venv/lib/python3.12/site-packages/httpx/_client.py", line 979, in _send_handling_redirects
    response = self._send_single_request(request)
               ^^^^^^^^^^^^^^^^^^^^^^^^^^^^^^^^^^
  File "/Users/justincheng/melee-wm/.venv/lib/python3.12/site-packages/httpx/_client.py", line 1014, in _send_single_request
    response = transport.handle_request(request)
               ^^^^^^^^^^^^^^^^^^^^^^^^^^^^^^^^^
  File "/Users/justincheng/melee-wm/.venv/lib/python3.12/site-packages/httpx/_transports/default.py", line 249, in handle_request
    with map_httpcore_exceptions():
         ^^^^^^^^^^^^^^^^^^^^^^^^^
  File "/Users/justincheng/.local/share/uv/python/cpython-3.12.13-macos-aarch64-none/lib/python3.12/contextlib.py", line 158, in __exit__
    self.gen.throw(value)
  File "/Users/justincheng/melee-wm/.venv/lib/python3.12/site-packages/httpx/_transports/default.py", line 118, in map_httpcore_exceptions
    raise mapped_exc(message) from exc
httpx.RemoteProtocolError: Server disconnected without sending a response.
50/889
100/889
150/889
200/889
250/889
300/889
350/889
400/889
Warning: You are sending unauthenticated requests to the HF Hub. Please set a HF_TOKEN to enable higher rate limits and faster downloads.
450/889
500/889
550/889
600/889
650/889
700/889
750/889
800/889
850/889
'[Errno 8] nodename nor servname provided, or not known' thrown while requesting HEAD https://huggingface.co/datasets/erickfm/slippi-public-dataset-v3.7/resolve/main/FOX/batch_02/23_08_18%20Captain%20Falcon%20%2B%20%5B314%5D%20Fox%20%28BF%29.slp
Retrying in 1s [Retry 1/5].
'[Errno 8] nodename nor servname provided, or not known' thrown while requesting HEAD https://huggingface.co/datasets/erickfm/slippi-public-dataset-v3.7/resolve/main/FOX/batch_02/23_08_18%20Captain%20Falcon%20%2B%20%5B314%5D%20Fox%20%28BF%29.slp
Retrying in 2s [Retry 2/5].
'[Errno 8] nodename nor servname provided, or not known' thrown while requesting HEAD https://huggingface.co/datasets/erickfm/slippi-public-dataset-v3.7/resolve/main/FOX/batch_02/23_08_18%20Captain%20Falcon%20%2B%20%5B314%5D%20Fox%20%28BF%29.slp
Retrying in 4s [Retry 3/5].
'[Errno 8] nodename nor servname provided, or not known' thrown while requesting HEAD https://huggingface.co/datasets/erickfm/slippi-public-dataset-v3.7/resolve/main/FOX/batch_02/23_08_18%20Captain%20Falcon%20%2B%20%5B314%5D%20Fox%20%28BF%29.slp
Retrying in 8s [Retry 4/5].
done
